[debug] [2026-04-05T17:21:16.143Z] ----------------------------------------------------------------------
[debug] [2026-04-05T17:21:16.159Z] Command:       C:\Program Files\nodejs\node.exe C:\Users\44746\AppData\Roaming\npm\node_modules\firebase-tools\lib\bin\firebase.js deploy --only functions
[debug] [2026-04-05T17:21:16.161Z] CLI Version:   15.12.0
[debug] [2026-04-05T17:21:16.161Z] Platform:      win32
[debug] [2026-04-05T17:21:16.162Z] Node Version:  v24.12.0
[debug] [2026-04-05T17:21:16.162Z] Time:          Sun Apr 05 2026 18:21:16 GMT+0100 (British Summer Time)
[debug] [2026-04-05T17:21:16.163Z] ----------------------------------------------------------------------
[debug] 
[debug] [2026-04-05T17:21:29.829Z] > command requires scopes: ["email","openid","https://www.googleapis.com/auth/cloudplatformprojects.readonly","https://www.googleapis.com/auth/firebase","https://www.googleapis.com/auth/cloud-platform"]
[debug] [2026-04-05T17:21:29.832Z] > authorizing via signed-in user (developers@ibrecruitment.com)
[debug] [2026-04-05T17:21:29.833Z] [iam] checking project wale-491803 for permissions ["cloudfunctions.functions.create","cloudfunctions.functions.delete","cloudfunctions.functions.get","cloudfunctions.functions.list","cloudfunctions.functions.update","cloudfunctions.operations.get","firebase.projects.get"]
[debug] [2026-04-05T17:21:29.840Z] Checked if tokens are valid: true, expires at: 1775412494727
[debug] [2026-04-05T17:21:29.840Z] Checked if tokens are valid: true, expires at: 1775412494727
[debug] [2026-04-05T17:21:29.845Z] >>> [apiv2][query] POST https://cloudresourcemanager.googleapis.com/v1/projects/wale-491803:testIamPermissions [none]
[debug] [2026-04-05T17:21:29.845Z] >>> [apiv2][(partial)header] POST https://cloudresourcemanager.googleapis.com/v1/projects/wale-491803:testIamPermissions  x-goog-user-project=wale-491803
[debug] [2026-04-05T17:21:29.846Z] >>> [apiv2][body] POST https://cloudresourcemanager.googleapis.com/v1/projects/wale-491803:testIamPermissions {"permissions":["cloudfunctions.functions.create","cloudfunctions.functions.delete","cloudfunctions.functions.get","cloudfunctions.functions.list","cloudfunctions.functions.update","cloudfunctions.operations.get","firebase.projects.get"]}
[debug] [2026-04-05T17:21:30.990Z] <<< [apiv2][status] POST https://cloudresourcemanager.googleapis.com/v1/projects/wale-491803:testIamPermissions 200
[debug] [2026-04-05T17:21:30.991Z] <<< [apiv2][body] POST https://cloudresourcemanager.googleapis.com/v1/projects/wale-491803:testIamPermissions {"permissions":["cloudfunctions.functions.create","cloudfunctions.functions.delete","cloudfunctions.functions.get","cloudfunctions.functions.list","cloudfunctions.functions.update","cloudfunctions.operations.get","firebase.projects.get"]}
[debug] [2026-04-05T17:21:30.993Z] Checked if tokens are valid: true, expires at: 1775412494727
[debug] [2026-04-05T17:21:30.993Z] Checked if tokens are valid: true, expires at: 1775412494727
[debug] [2026-04-05T17:21:30.993Z] >>> [apiv2][query] POST https://iam.googleapis.com/v1/projects/wale-491803/serviceAccounts/wale-491803@appspot.gserviceaccount.com:testIamPermissions [none]
[debug] [2026-04-05T17:21:30.994Z] >>> [apiv2][body] POST https://iam.googleapis.com/v1/projects/wale-491803/serviceAccounts/wale-491803@appspot.gserviceaccount.com:testIamPermissions {"permissions":["iam.serviceAccounts.actAs"]}
[debug] [2026-04-05T17:21:31.893Z] <<< [apiv2][status] POST https://iam.googleapis.com/v1/projects/wale-491803/serviceAccounts/wale-491803@appspot.gserviceaccount.com:testIamPermissions 200
[debug] [2026-04-05T17:21:31.894Z] <<< [apiv2][body] POST https://iam.googleapis.com/v1/projects/wale-491803/serviceAccounts/wale-491803@appspot.gserviceaccount.com:testIamPermissions {"permissions":["iam.serviceAccounts.actAs"]}
[info] 
[info] === Deploying to 'wale-491803'...
[info] 
[info] i  deploying functions 
[debug] [2026-04-05T17:21:31.912Z] Checked if tokens are valid: true, expires at: 1775412494727
[debug] [2026-04-05T17:21:31.912Z] Checked if tokens are valid: true, expires at: 1775412494727
[debug] [2026-04-05T17:21:31.912Z] >>> [apiv2][query] GET https://cloudresourcemanager.googleapis.com/v1/projects/wale-491803 [none]
[debug] [2026-04-05T17:21:32.077Z] <<< [apiv2][status] GET https://cloudresourcemanager.googleapis.com/v1/projects/wale-491803 200
[debug] [2026-04-05T17:21:32.078Z] <<< [apiv2][body] GET https://cloudresourcemanager.googleapis.com/v1/projects/wale-491803 {"projectNumber":"916707769747","projectId":"wale-491803","lifecycleState":"ACTIVE","name":"wale","createTime":"2026-03-30T03:17:01.110Z","configuredCapabilities":["projects/916707769747/capabilities/app-management"]}
[info] i  functions: preparing codebase default for deployment 
[info] i  functions: ensuring required API cloudfunctions.googleapis.com is enabled... 
[info] i  functions: ensuring required API cloudbuild.googleapis.com is enabled... 
[info] i  artifactregistry: ensuring required API artifactregistry.googleapis.com is enabled... 
[debug] [2026-04-05T17:21:32.092Z] Checked if tokens are valid: true, expires at: 1775412494727
[debug] [2026-04-05T17:21:32.093Z] Checked if tokens are valid: true, expires at: 1775412494727
[debug] [2026-04-05T17:21:32.093Z] >>> [apiv2][query] GET https://firebase.googleapis.com/v1beta1/projects/wale-491803/adminSdkConfig [none]
[debug] [2026-04-05T17:21:32.969Z] <<< [apiv2][status] GET https://firebase.googleapis.com/v1beta1/projects/wale-491803/adminSdkConfig 200
[debug] [2026-04-05T17:21:32.969Z] <<< [apiv2][body] GET https://firebase.googleapis.com/v1beta1/projects/wale-491803/adminSdkConfig {"projectId":"wale-491803","databaseURL":"https://wale-491803-default-rtdb.firebaseio.com","storageBucket":"wale-491803.firebasestorage.app"}
[debug] [2026-04-05T17:21:32.971Z] Checked if tokens are valid: true, expires at: 1775412494727
[debug] [2026-04-05T17:21:32.971Z] Checked if tokens are valid: true, expires at: 1775412494727
[debug] [2026-04-05T17:21:32.972Z] >>> [apiv2][query] GET https://runtimeconfig.googleapis.com/v1beta1/projects/wale-491803/configs [none]
[debug] [2026-04-05T17:21:33.450Z] <<< [apiv2][status] GET https://runtimeconfig.googleapis.com/v1beta1/projects/wale-491803/configs 200
[debug] [2026-04-05T17:21:33.451Z] <<< [apiv2][body] GET https://runtimeconfig.googleapis.com/v1beta1/projects/wale-491803/configs {"configs":[{"name":"projects/wale-491803/configs/mail"},{"name":"projects/wale-491803/configs/stripe"}]}
[debug] [2026-04-05T17:21:33.452Z] Checked if tokens are valid: true, expires at: 1775412494727
[debug] [2026-04-05T17:21:33.453Z] Checked if tokens are valid: true, expires at: 1775412494727
[debug] [2026-04-05T17:21:33.453Z] Checked if tokens are valid: true, expires at: 1775412494727
[debug] [2026-04-05T17:21:33.454Z] Checked if tokens are valid: true, expires at: 1775412494727
[debug] [2026-04-05T17:21:33.454Z] >>> [apiv2][query] GET https://runtimeconfig.googleapis.com/v1beta1/projects/wale-491803/configs/mail/variables [none]
[debug] [2026-04-05T17:21:33.456Z] >>> [apiv2][query] GET https://runtimeconfig.googleapis.com/v1beta1/projects/wale-491803/configs/stripe/variables [none]
[debug] [2026-04-05T17:21:33.634Z] <<< [apiv2][status] GET https://runtimeconfig.googleapis.com/v1beta1/projects/wale-491803/configs/mail/variables 200
[debug] [2026-04-05T17:21:33.635Z] <<< [apiv2][body] GET https://runtimeconfig.googleapis.com/v1beta1/projects/wale-491803/configs/mail/variables {"variables":[{"name":"projects/wale-491803/configs/mail/variables/smtp_pass","updateTime":"2026-04-02T14:10:32.594482668Z"},{"name":"projects/wale-491803/configs/mail/variables/smtp_port","updateTime":"2026-04-02T14:10:32.565692146Z"},{"name":"projects/wale-491803/configs/mail/variables/smtp_secure","updateTime":"2026-04-02T14:10:32.607556857Z"},{"name":"projects/wale-491803/configs/mail/variables/smtp_user","updateTime":"2026-04-02T14:10:32.548096830Z"},{"name":"projects/wale-491803/configs/mail/variables/message_webhook_secret","updateTime":"2026-04-02T14:10:32.625873109Z"},{"name":"projects/wale-491803/configs/mail/variables/smtp_from","updateTime":"2026-04-02T14:10:32.605333392Z"},{"name":"projects/wale-491803/configs/mail/variables/smtp_host","updateTime":"2026-04-02T14:10:32.565280406Z"}]}
[debug] [2026-04-05T17:21:33.636Z] Checked if tokens are valid: true, expires at: 1775412494727
[debug] [2026-04-05T17:21:33.636Z] Checked if tokens are valid: true, expires at: 1775412494727
[debug] [2026-04-05T17:21:33.637Z] Checked if tokens are valid: true, expires at: 1775412494727
[debug] [2026-04-05T17:21:33.637Z] Checked if tokens are valid: true, expires at: 1775412494727
[debug] [2026-04-05T17:21:33.638Z] Checked if tokens are valid: true, expires at: 1775412494727
[debug] [2026-04-05T17:21:33.638Z] Checked if tokens are valid: true, expires at: 1775412494727
[debug] [2026-04-05T17:21:33.639Z] Checked if tokens are valid: true, expires at: 1775412494727
[debug] [2026-04-05T17:21:33.639Z] Checked if tokens are valid: true, expires at: 1775412494727
[debug] [2026-04-05T17:21:33.639Z] Checked if tokens are valid: true, expires at: 1775412494727
[debug] [2026-04-05T17:21:33.640Z] Checked if tokens are valid: true, expires at: 1775412494727
[debug] [2026-04-05T17:21:33.640Z] Checked if tokens are valid: true, expires at: 1775412494727
[debug] [2026-04-05T17:21:33.640Z] Checked if tokens are valid: true, expires at: 1775412494727
[debug] [2026-04-05T17:21:33.641Z] Checked if tokens are valid: true, expires at: 1775412494727
[debug] [2026-04-05T17:21:33.641Z] Checked if tokens are valid: true, expires at: 1775412494727
[debug] [2026-04-05T17:21:33.641Z] >>> [apiv2][query] GET https://runtimeconfig.googleapis.com/v1beta1/projects/wale-491803/configs/mail/variables/smtp_pass [none]
[debug] [2026-04-05T17:21:33.643Z] >>> [apiv2][query] GET https://runtimeconfig.googleapis.com/v1beta1/projects/wale-491803/configs/mail/variables/smtp_port [none]
[debug] [2026-04-05T17:21:33.648Z] >>> [apiv2][query] GET https://runtimeconfig.googleapis.com/v1beta1/projects/wale-491803/configs/mail/variables/smtp_secure [none]
[debug] [2026-04-05T17:21:33.652Z] >>> [apiv2][query] GET https://runtimeconfig.googleapis.com/v1beta1/projects/wale-491803/configs/mail/variables/smtp_user [none]
[debug] [2026-04-05T17:21:33.656Z] >>> [apiv2][query] GET https://runtimeconfig.googleapis.com/v1beta1/projects/wale-491803/configs/mail/variables/message_webhook_secret [none]
[debug] [2026-04-05T17:21:33.661Z] >>> [apiv2][query] GET https://runtimeconfig.googleapis.com/v1beta1/projects/wale-491803/configs/mail/variables/smtp_from [none]
[debug] [2026-04-05T17:21:33.665Z] >>> [apiv2][query] GET https://runtimeconfig.googleapis.com/v1beta1/projects/wale-491803/configs/mail/variables/smtp_host [none]
[debug] [2026-04-05T17:21:33.847Z] <<< [apiv2][status] GET https://runtimeconfig.googleapis.com/v1beta1/projects/wale-491803/configs/mail/variables/smtp_pass 200
[debug] [2026-04-05T17:21:33.848Z] <<< [apiv2][body] GET https://runtimeconfig.googleapis.com/v1beta1/projects/wale-491803/configs/mail/variables/smtp_pass {"name":"projects/wale-491803/configs/mail/variables/smtp_pass","updateTime":"2026-04-02T14:10:32.594482668Z","text":"8bcffb56fe4e0012b7cb7ea2f4d79ea2-d488af3b-4893b5a2"}
[debug] [2026-04-05T17:21:33.942Z] <<< [apiv2][status] GET https://runtimeconfig.googleapis.com/v1beta1/projects/wale-491803/configs/stripe/variables 200
[debug] [2026-04-05T17:21:33.943Z] <<< [apiv2][body] GET https://runtimeconfig.googleapis.com/v1beta1/projects/wale-491803/configs/stripe/variables {"variables":[{"name":"projects/wale-491803/configs/stripe/variables/secret_key","updateTime":"2026-04-04T04:04:11.099418252Z"}]}
[debug] [2026-04-05T17:21:33.944Z] Checked if tokens are valid: true, expires at: 1775412494727
[debug] [2026-04-05T17:21:33.945Z] Checked if tokens are valid: true, expires at: 1775412494727
[debug] [2026-04-05T17:21:33.946Z] >>> [apiv2][query] GET https://runtimeconfig.googleapis.com/v1beta1/projects/wale-491803/configs/stripe/variables/secret_key [none]
[debug] [2026-04-05T17:21:34.175Z] <<< [apiv2][status] GET https://runtimeconfig.googleapis.com/v1beta1/projects/wale-491803/configs/stripe/variables/secret_key 200
[debug] [2026-04-05T17:21:34.175Z] <<< [apiv2][body] GET https://runtimeconfig.googleapis.com/v1beta1/projects/wale-491803/configs/stripe/variables/secret_key {"name":"projects/wale-491803/configs/stripe/variables/secret_key","updateTime":"2026-04-04T04:04:11.099418252Z","text":"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"}
[debug] [2026-04-05T17:21:34.237Z] <<< [apiv2][status] GET https://runtimeconfig.googleapis.com/v1beta1/projects/wale-491803/configs/mail/variables/smtp_user 200
[debug] [2026-04-05T17:21:34.238Z] <<< [apiv2][body] GET https://runtimeconfig.googleapis.com/v1beta1/projects/wale-491803/configs/mail/variables/smtp_user {"name":"projects/wale-491803/configs/mail/variables/smtp_user","updateTime":"2026-04-02T14:10:32.548096830Z","text":"admin@mac.ibrecruitment.com"}
[debug] [2026-04-05T17:21:34.239Z] <<< [apiv2][status] GET https://runtimeconfig.googleapis.com/v1beta1/projects/wale-491803/configs/mail/variables/smtp_port 200
[debug] [2026-04-05T17:21:34.240Z] <<< [apiv2][body] GET https://runtimeconfig.googleapis.com/v1beta1/projects/wale-491803/configs/mail/variables/smtp_port {"name":"projects/wale-491803/configs/mail/variables/smtp_port","updateTime":"2026-04-02T14:10:32.565692146Z","text":"587"}
[debug] [2026-04-05T17:21:34.241Z] <<< [apiv2][status] GET https://runtimeconfig.googleapis.com/v1beta1/projects/wale-491803/configs/mail/variables/message_webhook_secret 200
[debug] [2026-04-05T17:21:34.242Z] <<< [apiv2][body] GET https://runtimeconfig.googleapis.com/v1beta1/projects/wale-491803/configs/mail/variables/message_webhook_secret {"name":"projects/wale-491803/configs/mail/variables/message_webhook_secret","updateTime":"2026-04-02T14:10:32.625873109Z","text":"49aea571db27cb93fa33275ca00b9389c93f611e5a1c54389e244ff291f885e8"}
[debug] [2026-04-05T17:21:34.246Z] <<< [apiv2][status] GET https://runtimeconfig.googleapis.com/v1beta1/projects/wale-491803/configs/mail/variables/smtp_secure 200
[debug] [2026-04-05T17:21:34.246Z] <<< [apiv2][body] GET https://runtimeconfig.googleapis.com/v1beta1/projects/wale-491803/configs/mail/variables/smtp_secure {"name":"projects/wale-491803/configs/mail/variables/smtp_secure","updateTime":"2026-04-02T14:10:32.607556857Z","text":"false"}
[debug] [2026-04-05T17:21:34.265Z] <<< [apiv2][status] GET https://runtimeconfig.googleapis.com/v1beta1/projects/wale-491803/configs/mail/variables/smtp_from 200
[debug] [2026-04-05T17:21:34.266Z] <<< [apiv2][body] GET https://runtimeconfig.googleapis.com/v1beta1/projects/wale-491803/configs/mail/variables/smtp_from {"name":"projects/wale-491803/configs/mail/variables/smtp_from","updateTime":"2026-04-02T14:10:32.605333392Z","text":"admin@mac.ibrecruitment.com"}
[debug] [2026-04-05T17:21:34.288Z] <<< [apiv2][status] GET https://runtimeconfig.googleapis.com/v1beta1/projects/wale-491803/configs/mail/variables/smtp_host 200
[debug] [2026-04-05T17:21:34.288Z] <<< [apiv2][body] GET https://runtimeconfig.googleapis.com/v1beta1/projects/wale-491803/configs/mail/variables/smtp_host {"name":"projects/wale-491803/configs/mail/variables/smtp_host","updateTime":"2026-04-02T14:10:32.565280406Z","text":"smtp.eu.mailgun.org"}
[debug] [2026-04-05T17:21:34.295Z] Validating nodejs source
[warn] !  functions: package.json indicates an outdated version of firebase-functions. Please upgrade using npm install --save firebase-functions@latest in your functions directory. 
[warn] !  functions: Please note that there will be breaking changes when you upgrade. 
[debug] [2026-04-05T17:21:39.503Z] > [functions] package.json contents: {
  "name": "functions",
  "description": "Firebase Functions for IBR Group Intl",
  "main": "index.js",
  "scripts": {
    "start": "firebase emulators:start --only functions",
    "deploy": "firebase deploy --only functions"
  },
  "engines": {
    "node": "22"
  },
  "dependencies": {
    "@google-cloud/storage": "6.9.0",
    "firebase-admin": "11.10.0",
    "firebase-functions": "^5.1.0",
    "nodemailer": "6.9.16",
    "stripe": "^14.8.0"
  }
}
[debug] [2026-04-05T17:21:39.505Z] Building nodejs source
[info] i  functions: Loading and analyzing source code for codebase default to determine what to deploy 
[debug] [2026-04-05T17:21:39.519Z] Could not find functions.yaml. Must use http discovery
[debug] [2026-04-05T17:21:39.734Z] Found firebase-functions binary at 'C:\Users\44746\AppData\Local\Microsoft\WindowsApps\wget\repo\ibrgroupintl.github.io\functions\node_modules\.bin\firebase-functions'
[info] Serving at port 8586

[debug] [2026-04-05T17:21:45.251Z] Got response from /__/functions.yaml {"endpoints":{"getPostsCsv":{"platform":"gcfv1","labels":{},"availableMemoryMb":null,"timeoutSeconds":null,"minInstances":null,"maxInstances":null,"ingressSettings":null,"serviceAccountEmail":null,"vpc":null,"callableTrigger":{},"entryPoint":"getPostsCsv"},"getSubscriberType":{"platform":"gcfv1","labels":{},"availableMemoryMb":null,"timeoutSeconds":null,"minInstances":null,"maxInstances":null,"ingressSettings":null,"serviceAccountEmail":null,"vpc":null,"callableTrigger":{},"entryPoint":"getSubscriberType"},"adminMessageWebhook":{"platform":"gcfv1","availableMemoryMb":null,"timeoutSeconds":null,"minInstances":null,"maxInstances":null,"ingressSettings":null,"serviceAccountEmail":null,"vpc":null,"httpsTrigger":{},"entryPoint":"adminMessageWebhook"},"notifyMessageRecipient":{"platform":"gcfv1","availableMemoryMb":null,"timeoutSeconds":null,"minInstances":null,"maxInstances":null,"ingressSettings":null,"serviceAccountEmail":null,"vpc":null,"httpsTrigger":{},"entryPoint":"notifyMessageRecipient"},"notifyUsersOnNewInsightsFeedPost":{"platform":"gcfv1","availableMemoryMb":null,"timeoutSeconds":null,"minInstances":null,"maxInstances":null,"ingressSettings":null,"serviceAccountEmail":null,"vpc":null,"eventTrigger":{"eventType":"providers/cloud.firestore/eventTypes/document.create","eventFilters":{"resource":"projects/wale-491803/databases/(default)/documents/insightsFeed/{postId}"},"retry":false},"labels":{},"entryPoint":"notifyUsersOnNewInsightsFeedPost"}},"specVersion":"v1alpha1","requiredAPIs":[],"extensions":{}}
[info] i  extensions: ensuring required API firebaseextensions.googleapis.com is enabled... 
[debug] [2026-04-05T17:21:49.398Z] > command requires scopes: ["email","openid","https://www.googleapis.com/auth/cloudplatformprojects.readonly","https://www.googleapis.com/auth/firebase","https://www.googleapis.com/auth/cloud-platform"]
[debug] [2026-04-05T17:21:49.400Z] > authorizing via signed-in user (developers@ibrecruitment.com)
[debug] [2026-04-05T17:21:49.401Z] [iam] checking project wale-491803 for permissions ["firebase.projects.get","firebaseextensions.instances.list"]
[debug] [2026-04-05T17:21:49.402Z] Checked if tokens are valid: true, expires at: 1775412494727
[debug] [2026-04-05T17:21:49.403Z] Checked if tokens are valid: true, expires at: 1775412494727
[debug] [2026-04-05T17:21:49.403Z] >>> [apiv2][query] POST https://cloudresourcemanager.googleapis.com/v1/projects/wale-491803:testIamPermissions [none]
[debug] [2026-04-05T17:21:49.404Z] >>> [apiv2][(partial)header] POST https://cloudresourcemanager.googleapis.com/v1/projects/wale-491803:testIamPermissions  x-goog-user-project=wale-491803
[debug] [2026-04-05T17:21:49.404Z] >>> [apiv2][body] POST https://cloudresourcemanager.googleapis.com/v1/projects/wale-491803:testIamPermissions {"permissions":["firebase.projects.get","firebaseextensions.instances.list"]}
[debug] [2026-04-05T17:21:49.853Z] <<< [apiv2][status] POST https://cloudresourcemanager.googleapis.com/v1/projects/wale-491803:testIamPermissions 200
[debug] [2026-04-05T17:21:49.853Z] <<< [apiv2][body] POST https://cloudresourcemanager.googleapis.com/v1/projects/wale-491803:testIamPermissions {"permissions":["firebase.projects.get","firebaseextensions.instances.list"]}
[debug] [2026-04-05T17:21:49.855Z] Checked if tokens are valid: true, expires at: 1775412494727
[debug] [2026-04-05T17:21:49.855Z] Checked if tokens are valid: true, expires at: 1775412494727
[debug] [2026-04-05T17:21:49.864Z] >>> [apiv2][query] GET https://firebaseextensions.googleapis.com/v1beta/projects/wale-491803/instances pageSize=100&pageToken=
[debug] [2026-04-05T17:21:50.881Z] <<< [apiv2][status] GET https://firebaseextensions.googleapis.com/v1beta/projects/wale-491803/instances 200
[debug] [2026-04-05T17:21:50.881Z] <<< [apiv2][body] GET https://firebaseextensions.googleapis.com/v1beta/projects/wale-491803/instances {}
[info] i  functions: Loaded environment variables from .env. 
[info] i  functions: preparing functions directory for uploading... 
[info] i  functions: packaged C:\Users\44746\AppData\Local\Microsoft\WindowsApps\wget\repo\ibrgroupintl.github.io\functions (49.71 KB) for uploading 
[debug] [2026-04-05T17:21:51.156Z] Checked if tokens are valid: true, expires at: 1775412494727
[debug] [2026-04-05T17:21:51.157Z] Checked if tokens are valid: true, expires at: 1775412494727
[debug] [2026-04-05T17:21:51.157Z] >>> [apiv2][query] GET https://cloudfunctions.googleapis.com/v1/projects/wale-491803/locations/-/functions [none]
[debug] [2026-04-05T17:21:52.011Z] <<< [apiv2][status] GET https://cloudfunctions.googleapis.com/v1/projects/wale-491803/locations/-/functions 200
[debug] [2026-04-05T17:21:52.011Z] <<< [apiv2][body] GET https://cloudfunctions.googleapis.com/v1/projects/wale-491803/locations/-/functions {"functions":[{"name":"projects/wale-491803/locations/us-central1/functions/notifyUsersOnNewInsightsFeedPost","eventTrigger":{"eventType":"providers/cloud.firestore/eventTypes/document.create","resource":"projects/wale-491803/databases/(default)/documents/insightsFeed/{postId}","service":"firestore.googleapis.com","failurePolicy":{}},"status":"ACTIVE","entryPoint":"notifyUsersOnNewInsightsFeedPost","timeout":"60s","availableMemoryMb":256,"serviceAccountEmail":"wale-491803@appspot.gserviceaccount.com","updateTime":"2026-04-05T17:17:30.669048386Z","versionId":"1","labels":{"deployment-tool":"cli-firebase","firebase-functions-hash":"bc42dd03cc241fb13cfde994ae28a14a3e5dbffd"},"sourceUploadUrl":"https://storage.googleapis.com/uploads-730803098609.us-central1.cloudfunctions.appspot.com/c6f5918d-ed09-4382-9fc8-91197ce76852.zip","environmentVariables":{"POSTMARK_SERVER_TOKEN":"31ffa522-b604-4ab2-8dc6-8142ff8d45bc","FIREBASE_CONFIG":"{\"projectId\":\"wale-491803\",\"databaseURL\":\"https://wale-491803-default-rtdb.firebaseio.com\",\"storageBucket\":\"wale-491803.firebasestorage.app\"}","GCLOUD_PROJECT":"wale-491803","EVENTARC_CLOUD_EVENT_SOURCE":"projects/wale-491803/locations/us-central1/functions/notifyUsersOnNewInsightsFeedPost"},"runtime":"nodejs22","maxInstances":3000,"ingressSettings":"ALLOW_ALL","buildId":"a52c2e3b-6e6f-4e74-94b9-79dde9b11b5e","buildEnvironmentVariables":{"GOOGLE_NODE_RUN_SCRIPTS":""},"buildName":"projects/916707769747/locations/us-central1/builds/a52c2e3b-6e6f-4e74-94b9-79dde9b11b5e","dockerRegistry":"ARTIFACT_REGISTRY","automaticUpdatePolicy":{},"buildServiceAccount":"projects/wale-491803/serviceAccounts/916707769747-compute@developer.gserviceaccount.com","satisfiesPzi":true},{"name":"projects/wale-491803/locations/us-central1/functions/getSubscriberType","httpsTrigger":{"url":"https://us-central1-wale-491803.cloudfunctions.net/getSubscriberType","securityLevel":"SECURE_ALWAYS"},"status":"ACTIVE","entryPoint":"getSubscriberType","timeout":"60s","availableMemoryMb":256,"serviceAccountEmail":"wale-491803@appspot.gserviceaccount.com","updateTime":"2026-04-05T17:17:09.650485081Z","versionId":"1","labels":{"deployment-tool":"cli-firebase","deployment-callable":"true","firebase-functions-hash":"bc42dd03cc241fb13cfde994ae28a14a3e5dbffd"},"sourceUploadUrl":"https://storage.googleapis.com/uploads-730803098609.us-central1.cloudfunctions.appspot.com/c6f5918d-ed09-4382-9fc8-91197ce76852.zip","environmentVariables":{"POSTMARK_SERVER_TOKEN":"31ffa522-b604-4ab2-8dc6-8142ff8d45bc","FIREBASE_CONFIG":"{\"projectId\":\"wale-491803\",\"databaseURL\":\"https://wale-491803-default-rtdb.firebaseio.com\",\"storageBucket\":\"wale-491803.firebasestorage.app\"}","GCLOUD_PROJECT":"wale-491803","EVENTARC_CLOUD_EVENT_SOURCE":"projects/wale-491803/locations/us-central1/functions/getSubscriberType"},"runtime":"nodejs22","ingressSettings":"ALLOW_ALL","buildId":"a52c2e3b-6e6f-4e74-94b9-79dde9b11b5e","buildEnvironmentVariables":{"GOOGLE_NODE_RUN_SCRIPTS":""},"buildName":"projects/916707769747/locations/us-central1/builds/a52c2e3b-6e6f-4e74-94b9-79dde9b11b5e","dockerRegistry":"ARTIFACT_REGISTRY","automaticUpdatePolicy":{},"buildServiceAccount":"projects/wale-491803/serviceAccounts/916707769747-compute@developer.gserviceaccount.com","satisfiesPzi":true},{"name":"projects/wale-491803/locations/us-central1/functions/getPostsCsv","httpsTrigger":{"url":"https://us-central1-wale-491803.cloudfunctions.net/getPostsCsv","securityLevel":"SECURE_ALWAYS"},"status":"ACTIVE","entryPoint":"getPostsCsv","timeout":"60s","availableMemoryMb":256,"serviceAccountEmail":"wale-491803@appspot.gserviceaccount.com","updateTime":"2026-04-05T17:17:21.176Z","versionId":"25","labels":{"deployment-callable":"true","firebase-functions-hash":"bc42dd03cc241fb13cfde994ae28a14a3e5dbffd","deployment-tool":"cli-firebase"},"sourceUploadUrl":"https://storage.googleapis.com/uploads-730803098609.us-central1.cloudfunctions.appspot.com/c6f5918d-ed09-4382-9fc8-91197ce76852.zip","environmentVariables":{"POSTMARK_SERVER_TOKEN":"31ffa522-b604-4ab2-8dc6-8142ff8d45bc","FIREBASE_CONFIG":"{\"projectId\":\"wale-491803\",\"databaseURL\":\"https://wale-491803-default-rtdb.firebaseio.com\",\"storageBucket\":\"wale-491803.firebasestorage.app\"}","GCLOUD_PROJECT":"wale-491803","EVENTARC_CLOUD_EVENT_SOURCE":"projects/wale-491803/locations/us-central1/functions/getPostsCsv"},"runtime":"nodejs22","ingressSettings":"ALLOW_ALL","buildId":"a52c2e3b-6e6f-4e74-94b9-79dde9b11b5e","buildEnvironmentVariables":{"GOOGLE_NODE_RUN_SCRIPTS":""},"buildName":"projects/916707769747/locations/us-central1/builds/a52c2e3b-6e6f-4e74-94b9-79dde9b11b5e","dockerRegistry":"ARTIFACT_REGISTRY","automaticUpdatePolicy":{},"buildServiceAccount":"projects/wale-491803/serviceAccounts/916707769747-compute@developer.gserviceaccount.com","satisfiesPzi":true},{"name":"projects/wale-491803/locations/us-central1/functions/adminMessageWebhook","httpsTrigger":{"url":"https://us-central1-wale-491803.cloudfunctions.net/adminMessageWebhook","securityLevel":"SECURE_ALWAYS"},"status":"ACTIVE","entryPoint":"adminMessageWebhook","timeout":"60s","availableMemoryMb":256,"serviceAccountEmail":"wale-491803@appspot.gserviceaccount.com","updateTime":"2026-04-05T17:17:21.252Z","versionId":"25","labels":{"deployment-tool":"cli-firebase","firebase-functions-hash":"bc42dd03cc241fb13cfde994ae28a14a3e5dbffd"},"sourceUploadUrl":"https://storage.googleapis.com/uploads-730803098609.us-central1.cloudfunctions.appspot.com/c6f5918d-ed09-4382-9fc8-91197ce76852.zip","environmentVariables":{"POSTMARK_SERVER_TOKEN":"31ffa522-b604-4ab2-8dc6-8142ff8d45bc","FIREBASE_CONFIG":"{\"projectId\":\"wale-491803\",\"databaseURL\":\"https://wale-491803-default-rtdb.firebaseio.com\",\"storageBucket\":\"wale-491803.firebasestorage.app\"}","GCLOUD_PROJECT":"wale-491803","EVENTARC_CLOUD_EVENT_SOURCE":"projects/wale-491803/locations/us-central1/functions/adminMessageWebhook"},"runtime":"nodejs22","ingressSettings":"ALLOW_ALL","buildId":"a52c2e3b-6e6f-4e74-94b9-79dde9b11b5e","buildEnvironmentVariables":{"GOOGLE_NODE_RUN_SCRIPTS":""},"secretEnvironmentVariables":[{"key":"FUNCTIONS_CONFIG_EXPORT","projectId":"916707769747","secret":"FUNCTIONS_CONFIG_EXPORT","version":"4"}],"buildName":"projects/916707769747/locations/us-central1/builds/a52c2e3b-6e6f-4e74-94b9-79dde9b11b5e","dockerRegistry":"ARTIFACT_REGISTRY","automaticUpdatePolicy":{},"buildServiceAccount":"projects/wale-491803/serviceAccounts/916707769747-compute@developer.gserviceaccount.com","satisfiesPzi":true},{"name":"projects/wale-491803/locations/us-central1/functions/notifyMessageRecipient","httpsTrigger":{"url":"https://us-central1-wale-491803.cloudfunctions.net/notifyMessageRecipient","securityLevel":"SECURE_ALWAYS"},"status":"ACTIVE","entryPoint":"notifyMessageRecipient","timeout":"60s","availableMemoryMb":256,"serviceAccountEmail":"wale-491803@appspot.gserviceaccount.com","updateTime":"2026-04-05T17:17:17.742Z","versionId":"8","labels":{"firebase-functions-hash":"bc42dd03cc241fb13cfde994ae28a14a3e5dbffd","deployment-tool":"cli-firebase"},"sourceUploadUrl":"https://storage.googleapis.com/uploads-730803098609.us-central1.cloudfunctions.appspot.com/c6f5918d-ed09-4382-9fc8-91197ce76852.zip","environmentVariables":{"POSTMARK_SERVER_TOKEN":"31ffa522-b604-4ab2-8dc6-8142ff8d45bc","FIREBASE_CONFIG":"{\"projectId\":\"wale-491803\",\"databaseURL\":\"https://wale-491803-default-rtdb.firebaseio.com\",\"storageBucket\":\"wale-491803.firebasestorage.app\"}","GCLOUD_PROJECT":"wale-491803","EVENTARC_CLOUD_EVENT_SOURCE":"projects/wale-491803/locations/us-central1/functions/notifyMessageRecipient"},"runtime":"nodejs22","ingressSettings":"ALLOW_ALL","buildId":"a52c2e3b-6e6f-4e74-94b9-79dde9b11b5e","buildEnvironmentVariables":{"GOOGLE_NODE_RUN_SCRIPTS":""},"buildName":"projects/916707769747/locations/us-central1/builds/a52c2e3b-6e6f-4e74-94b9-79dde9b11b5e","dockerRegistry":"ARTIFACT_REGISTRY","automaticUpdatePolicy":{},"buildServiceAccount":"projects/wale-491803/serviceAccounts/916707769747-compute@developer.gserviceaccount.com","satisfiesPzi":true}]}
[debug] [2026-04-05T17:21:52.015Z] Checked if tokens are valid: true, expires at: 1775412494727
[debug] [2026-04-05T17:21:52.015Z] Checked if tokens are valid: true, expires at: 1775412494727
[debug] [2026-04-05T17:21:52.015Z] >>> [apiv2][query] GET https://cloudfunctions.googleapis.com/v2/projects/wale-491803/locations/-/functions filter=environment%3D%22GEN_2%22
[debug] [2026-04-05T17:21:52.967Z] <<< [apiv2][status] GET https://cloudfunctions.googleapis.com/v2/projects/wale-491803/locations/-/functions 200
[debug] [2026-04-05T17:21:52.967Z] <<< [apiv2][body] GET https://cloudfunctions.googleapis.com/v2/projects/wale-491803/locations/-/functions {}
[debug] [2026-04-05T17:21:52.984Z] Checked if tokens are valid: true, expires at: 1775412494727
[debug] [2026-04-05T17:21:52.984Z] Checked if tokens are valid: true, expires at: 1775412494727
[debug] [2026-04-05T17:21:52.984Z] >>> [apiv2][query] GET https://cloudresourcemanager.googleapis.com/v1/projects/wale-491803 [none]
[debug] [2026-04-05T17:21:53.149Z] <<< [apiv2][status] GET https://cloudresourcemanager.googleapis.com/v1/projects/wale-491803 200
[debug] [2026-04-05T17:21:53.150Z] <<< [apiv2][body] GET https://cloudresourcemanager.googleapis.com/v1/projects/wale-491803 {"projectNumber":"916707769747","projectId":"wale-491803","lifecycleState":"ACTIVE","name":"wale","createTime":"2026-03-30T03:17:01.110Z","configuredCapabilities":["projects/916707769747/capabilities/app-management"]}
[debug] [2026-04-05T17:21:53.155Z] Checked if tokens are valid: true, expires at: 1775412494727
[debug] [2026-04-05T17:21:53.155Z] Checked if tokens are valid: true, expires at: 1775412494727
[debug] [2026-04-05T17:21:53.156Z] >>> [apiv2][query] GET https://cloudbilling.googleapis.com/v1/projects/wale-491803/billingInfo [none]
[debug] [2026-04-05T17:21:53.690Z] <<< [apiv2][status] GET https://cloudbilling.googleapis.com/v1/projects/wale-491803/billingInfo 200
[debug] [2026-04-05T17:21:53.691Z] <<< [apiv2][body] GET https://cloudbilling.googleapis.com/v1/projects/wale-491803/billingInfo {"name":"projects/wale-491803/billingInfo","projectId":"wale-491803","billingAccountName":"billingAccounts/015E32-F30E20-0AA82E","billingEnabled":true}
[debug] [2026-04-05T17:21:53.696Z] Checked if tokens are valid: true, expires at: 1775412494727
[debug] [2026-04-05T17:21:53.697Z] Checked if tokens are valid: true, expires at: 1775412494727
[debug] [2026-04-05T17:21:53.698Z] >>> [apiv2][query] POST https://cloudfunctions.googleapis.com/v1/projects/wale-491803/locations/us-central1/functions:generateUploadUrl [none]
[debug] [2026-04-05T17:21:53.698Z] >>> [apiv2][body] POST https://cloudfunctions.googleapis.com/v1/projects/wale-491803/locations/us-central1/functions:generateUploadUrl {}
[debug] [2026-04-05T17:21:54.204Z] <<< [apiv2][status] POST https://cloudfunctions.googleapis.com/v1/projects/wale-491803/locations/us-central1/functions:generateUploadUrl 200
[debug] [2026-04-05T17:21:54.204Z] <<< [apiv2][body] POST https://cloudfunctions.googleapis.com/v1/projects/wale-491803/locations/us-central1/functions:generateUploadUrl {"uploadUrl":"https://storage.googleapis.com/uploads-730803098609.us-central1.cloudfunctions.appspot.com/f8b1e261-8bf6-4715-9b4d-aa5f469fca77.zip?GoogleAccessId=service-916707769747@gcf-admin-robot.iam.gserviceaccount.com&Expires=1775411513&Signature=ie3RI9oscT4uJJ%2BKhhZgYYI5GwtCTuIk4XulbXMfhx39ou23Mtwa21lqvGX0gwhKtYou5BowU8o4CBIE4kCFwzm5d6Y0IbSD1NyU5w0kuEmfLs%2BfAxDMyQFTva12UN%2F8WV1mmWuzFq%2BiyNK2L9xsrZ2cEUDpEH0aBSLcTwfGma5822XmSZ84OynHv7T5lAHWeFSZ%2BcAVjcuX5y8hHTFecGq8cekEnhUtc9WiAP4vF8FTfufIlAFK5p9GGgCIMNm5Y9PnD3VcDHR%2BIy97y0d1ePKHnhFaUVUM7A9wyINy7w6ssjphzGSaj2m2X9fXbZ0YrTOsg6BISMKrmCi734zU%2FA%3D%3D"}
[debug] [2026-04-05T17:21:54.207Z] >>> [apiv2][query] PUT https://storage.googleapis.com/uploads-730803098609.us-central1.cloudfunctions.appspot.com/f8b1e261-8bf6-4715-9b4d-aa5f469fca77.zip GoogleAccessId=service-916707769747%40gcf-admin-robot.iam.gserviceaccount.com&Expires=1775411513&Signature=ie3RI9oscT4uJJ%2BKhhZgYYI5GwtCTuIk4XulbXMfhx39ou23Mtwa21lqvGX0gwhKtYou5BowU8o4CBIE4kCFwzm5d6Y0IbSD1NyU5w0kuEmfLs%2BfAxDMyQFTva12UN%2F8WV1mmWuzFq%2BiyNK2L9xsrZ2cEUDpEH0aBSLcTwfGma5822XmSZ84OynHv7T5lAHWeFSZ%2BcAVjcuX5y8hHTFecGq8cekEnhUtc9WiAP4vF8FTfufIlAFK5p9GGgCIMNm5Y9PnD3VcDHR%2BIy97y0d1ePKHnhFaUVUM7A9wyINy7w6ssjphzGSaj2m2X9fXbZ0YrTOsg6BISMKrmCi734zU%2FA%3D%3D
[debug] [2026-04-05T17:21:54.208Z] >>> [apiv2][body] PUT https://storage.googleapis.com/uploads-730803098609.us-central1.cloudfunctions.appspot.com/f8b1e261-8bf6-4715-9b4d-aa5f469fca77.zip [stream]
[debug] [2026-04-05T17:21:54.747Z] <<< [apiv2][status] PUT https://storage.googleapis.com/uploads-730803098609.us-central1.cloudfunctions.appspot.com/f8b1e261-8bf6-4715-9b4d-aa5f469fca77.zip 200
[debug] [2026-04-05T17:21:54.748Z] <<< [apiv2][body] PUT https://storage.googleapis.com/uploads-730803098609.us-central1.cloudfunctions.appspot.com/f8b1e261-8bf6-4715-9b4d-aa5f469fca77.zip [omitted]
[info] +  functions: functions source uploaded successfully 
[info] i  functions: updating Node.js 22 (1st Gen) function getPostsCsv(us-central1)... 
[info] i  functions: updating Node.js 22 (1st Gen) function getSubscriberType(us-central1)... 
[info] i  functions: updating Node.js 22 (1st Gen) function adminMessageWebhook(us-central1)... 
[info] i  functions: updating Node.js 22 (1st Gen) function notifyMessageRecipient(us-central1)... 
[info] i  functions: updating Node.js 22 (1st Gen) function notifyUsersOnNewInsightsFeedPost(us-central1)... 
[debug] [2026-04-05T17:21:54.778Z] Checked if tokens are valid: true, expires at: 1775412494727
[debug] [2026-04-05T17:21:54.779Z] Checked if tokens are valid: true, expires at: 1775412494727
[debug] [2026-04-05T17:21:54.779Z] >>> [apiv2][query] PATCH https://cloudfunctions.googleapis.com/v1/projects/wale-491803/locations/us-central1/functions/getPostsCsv updateMask=name%2CsourceUploadUrl%2CentryPoint%2Cruntime%2CdockerRegistry%2Clabels%2ChttpsTrigger.securityLevel%2CminInstances%2CmaxInstances%2CingressSettings%2CenvironmentVariables%2CserviceAccountEmail%2CavailableMemoryMb%2Ctimeout%2CvpcConnector%2CvpcConnectorEgressSettings%2CsourceToken%2CbuildEnvironmentVariables
[debug] [2026-04-05T17:21:54.780Z] >>> [apiv2][body] PATCH https://cloudfunctions.googleapis.com/v1/projects/wale-491803/locations/us-central1/functions/getPostsCsv {"name":"projects/wale-491803/locations/us-central1/functions/getPostsCsv","sourceUploadUrl":"https://storage.googleapis.com/uploads-730803098609.us-central1.cloudfunctions.appspot.com/f8b1e261-8bf6-4715-9b4d-aa5f469fca77.zip?GoogleAccessId=service-916707769747@gcf-admin-robot.iam.gserviceaccount.com&Expires=1775411513&Signature=ie3RI9oscT4uJJ%2BKhhZgYYI5GwtCTuIk4XulbXMfhx39ou23Mtwa21lqvGX0gwhKtYou5BowU8o4CBIE4kCFwzm5d6Y0IbSD1NyU5w0kuEmfLs%2BfAxDMyQFTva12UN%2F8WV1mmWuzFq%2BiyNK2L9xsrZ2cEUDpEH0aBSLcTwfGma5822XmSZ84OynHv7T5lAHWeFSZ%2BcAVjcuX5y8hHTFecGq8cekEnhUtc9WiAP4vF8FTfufIlAFK5p9GGgCIMNm5Y9PnD3VcDHR%2BIy97y0d1ePKHnhFaUVUM7A9wyINy7w6ssjphzGSaj2m2X9fXbZ0YrTOsg6BISMKrmCi734zU%2FA%3D%3D","entryPoint":"getPostsCsv","runtime":"nodejs22","dockerRegistry":"ARTIFACT_REGISTRY","labels":{"deployment-tool":"cli-firebase","deployment-callable":"true","firebase-functions-hash":"df1b892f3f284fd13fbca6099541bda1e7c5ca97"},"httpsTrigger":{"securityLevel":"SECURE_ALWAYS"},"minInstances":null,"maxInstances":null,"ingressSettings":null,"environmentVariables":{"POSTMARK_SERVER_TOKEN":"31ffa522-b604-4ab2-8dc6-8142ff8d45bc","FIREBASE_CONFIG":"{\"projectId\":\"wale-491803\",\"databaseURL\":\"https://wale-491803-default-rtdb.firebaseio.com\",\"storageBucket\":\"wale-491803.firebasestorage.app\"}","GCLOUD_PROJECT":"wale-491803","EVENTARC_CLOUD_EVENT_SOURCE":"projects/wale-491803/locations/us-central1/functions/getPostsCsv"},"serviceAccountEmail":null,"availableMemoryMb":null,"timeout":null,"vpcConnector":null,"vpcConnectorEgressSettings":null,"buildEnvironmentVariables":{"GOOGLE_NODE_RUN_SCRIPTS":""}}
[debug] [2026-04-05T17:21:55.319Z] <<< [apiv2][status] PATCH https://cloudfunctions.googleapis.com/v1/projects/wale-491803/locations/us-central1/functions/getPostsCsv 200
[debug] [2026-04-05T17:21:55.319Z] <<< [apiv2][body] PATCH https://cloudfunctions.googleapis.com/v1/projects/wale-491803/locations/us-central1/functions/getPostsCsv {"name":"operations/d2FsZS00OTE4MDMvdXMtY2VudHJhbDEvZ2V0UG9zdHNDc3YvQ1ZUNFFrblJkQ2s","metadata":{"@type":"type.googleapis.com/google.cloud.functions.v1.OperationMetadataV1","target":"projects/wale-491803/locations/us-central1/functions/getPostsCsv","type":"UPDATE_FUNCTION","request":{"@type":"type.googleapis.com/google.cloud.functions.v1.CloudFunction","name":"projects/wale-491803/locations/us-central1/functions/getPostsCsv","httpsTrigger":{"url":"https://us-central1-wale-491803.cloudfunctions.net/getPostsCsv","securityLevel":"SECURE_ALWAYS"},"status":"ACTIVE","entryPoint":"getPostsCsv","updateTime":"2026-04-05T17:17:21.176Z","versionId":"25","labels":{"deployment-tool":"cli-firebase","deployment-callable":"true","firebase-functions-hash":"df1b892f3f284fd13fbca6099541bda1e7c5ca97"},"sourceUploadUrl":"https://storage.googleapis.com/uploads-730803098609.us-central1.cloudfunctions.appspot.com/f8b1e261-8bf6-4715-9b4d-aa5f469fca77.zip?GoogleAccessId=service-916707769747@gcf-admin-robot.iam.gserviceaccount.com&Expires=1775411513&Signature=ie3RI9oscT4uJJ%2BKhhZgYYI5GwtCTuIk4XulbXMfhx39ou23Mtwa21lqvGX0gwhKtYou5BowU8o4CBIE4kCFwzm5d6Y0IbSD1NyU5w0kuEmfLs%2BfAxDMyQFTva12UN%2F8WV1mmWuzFq%2BiyNK2L9xsrZ2cEUDpEH0aBSLcTwfGma5822XmSZ84OynHv7T5lAHWeFSZ%2BcAVjcuX5y8hHTFecGq8cekEnhUtc9WiAP4vF8FTfufIlAFK5p9GGgCIMNm5Y9PnD3VcDHR%2BIy97y0d1ePKHnhFaUVUM7A9wyINy7w6ssjphzGSaj2m2X9fXbZ0YrTOsg6BISMKrmCi734zU%2FA%3D%3D","environmentVariables":{"POSTMARK_SERVER_TOKEN":"31ffa522-b604-4ab2-8dc6-8142ff8d45bc","FIREBASE_CONFIG":"{\"projectId\":\"wale-491803\",\"databaseURL\":\"https://wale-491803-default-rtdb.firebaseio.com\",\"storageBucket\":\"wale-491803.firebasestorage.app\"}","GCLOUD_PROJECT":"wale-491803","EVENTARC_CLOUD_EVENT_SOURCE":"projects/wale-491803/locations/us-central1/functions/getPostsCsv"},"runtime":"nodejs22","buildId":"a52c2e3b-6e6f-4e74-94b9-79dde9b11b5e","buildEnvironmentVariables":{"GOOGLE_NODE_RUN_SCRIPTS":""},"buildName":"projects/916707769747/locations/us-central1/builds/a52c2e3b-6e6f-4e74-94b9-79dde9b11b5e","dockerRegistry":"ARTIFACT_REGISTRY","automaticUpdatePolicy":{},"buildServiceAccount":"projects/wale-491803/serviceAccounts/916707769747-compute@developer.gserviceaccount.com"},"versionId":"26","updateTime":"2026-04-05T17:21:54Z"}}
[debug] [2026-04-05T17:21:55.321Z] Checked if tokens are valid: true, expires at: 1775412494727
[debug] [2026-04-05T17:21:55.321Z] Checked if tokens are valid: true, expires at: 1775412494727
[debug] [2026-04-05T17:21:55.322Z] >>> [apiv2][query] GET https://cloudfunctions.googleapis.com/v1/operations/d2FsZS00OTE4MDMvdXMtY2VudHJhbDEvZ2V0UG9zdHNDc3YvQ1ZUNFFrblJkQ2s [none]
[debug] [2026-04-05T17:21:55.494Z] <<< [apiv2][status] GET https://cloudfunctions.googleapis.com/v1/operations/d2FsZS00OTE4MDMvdXMtY2VudHJhbDEvZ2V0UG9zdHNDc3YvQ1ZUNFFrblJkQ2s 200
[debug] [2026-04-05T17:21:55.495Z] <<< [apiv2][body] GET https://cloudfunctions.googleapis.com/v1/operations/d2FsZS00OTE4MDMvdXMtY2VudHJhbDEvZ2V0UG9zdHNDc3YvQ1ZUNFFrblJkQ2s {"name":"operations/d2FsZS00OTE4MDMvdXMtY2VudHJhbDEvZ2V0UG9zdHNDc3YvQ1ZUNFFrblJkQ2s","metadata":{"@type":"type.googleapis.com/google.cloud.functions.v1.OperationMetadataV1","target":"projects/wale-491803/locations/us-central1/functions/getPostsCsv","type":"UPDATE_FUNCTION","request":{"@type":"type.googleapis.com/google.cloud.functions.v1.CloudFunction","name":"projects/wale-491803/locations/us-central1/functions/getPostsCsv","httpsTrigger":{"url":"https://us-central1-wale-491803.cloudfunctions.net/getPostsCsv","securityLevel":"SECURE_ALWAYS"},"status":"ACTIVE","entryPoint":"getPostsCsv","updateTime":"2026-04-05T17:17:21.176Z","versionId":"25","labels":{"deployment-tool":"cli-firebase","deployment-callable":"true","firebase-functions-hash":"df1b892f3f284fd13fbca6099541bda1e7c5ca97"},"sourceUploadUrl":"https://storage.googleapis.com/uploads-730803098609.us-central1.cloudfunctions.appspot.com/f8b1e261-8bf6-4715-9b4d-aa5f469fca77.zip?GoogleAccessId=service-916707769747@gcf-admin-robot.iam.gserviceaccount.com&Expires=1775411513&Signature=ie3RI9oscT4uJJ%2BKhhZgYYI5GwtCTuIk4XulbXMfhx39ou23Mtwa21lqvGX0gwhKtYou5BowU8o4CBIE4kCFwzm5d6Y0IbSD1NyU5w0kuEmfLs%2BfAxDMyQFTva12UN%2F8WV1mmWuzFq%2BiyNK2L9xsrZ2cEUDpEH0aBSLcTwfGma5822XmSZ84OynHv7T5lAHWeFSZ%2BcAVjcuX5y8hHTFecGq8cekEnhUtc9WiAP4vF8FTfufIlAFK5p9GGgCIMNm5Y9PnD3VcDHR%2BIy97y0d1ePKHnhFaUVUM7A9wyINy7w6ssjphzGSaj2m2X9fXbZ0YrTOsg6BISMKrmCi734zU%2FA%3D%3D","environmentVariables":{"POSTMARK_SERVER_TOKEN":"31ffa522-b604-4ab2-8dc6-8142ff8d45bc","FIREBASE_CONFIG":"{\"projectId\":\"wale-491803\",\"databaseURL\":\"https://wale-491803-default-rtdb.firebaseio.com\",\"storageBucket\":\"wale-491803.firebasestorage.app\"}","GCLOUD_PROJECT":"wale-491803","EVENTARC_CLOUD_EVENT_SOURCE":"projects/wale-491803/locations/us-central1/functions/getPostsCsv"},"runtime":"nodejs22","buildId":"a52c2e3b-6e6f-4e74-94b9-79dde9b11b5e","buildEnvironmentVariables":{"GOOGLE_NODE_RUN_SCRIPTS":""},"buildName":"projects/916707769747/locations/us-central1/builds/a52c2e3b-6e6f-4e74-94b9-79dde9b11b5e","dockerRegistry":"ARTIFACT_REGISTRY","automaticUpdatePolicy":{},"buildServiceAccount":"projects/wale-491803/serviceAccounts/916707769747-compute@developer.gserviceaccount.com"},"versionId":"26","updateTime":"2026-04-05T17:21:54Z"}}
[debug] [2026-04-05T17:21:56.011Z] [update-default-us-central1-getPostsCsv] Retrying task index 0
[debug] [2026-04-05T17:21:56.012Z] Checked if tokens are valid: true, expires at: 1775412494727
[debug] [2026-04-05T17:21:56.012Z] Checked if tokens are valid: true, expires at: 1775412494727
[debug] [2026-04-05T17:21:56.013Z] >>> [apiv2][query] GET https://cloudfunctions.googleapis.com/v1/operations/d2FsZS00OTE4MDMvdXMtY2VudHJhbDEvZ2V0UG9zdHNDc3YvQ1ZUNFFrblJkQ2s [none]
[debug] [2026-04-05T17:21:56.187Z] <<< [apiv2][status] GET https://cloudfunctions.googleapis.com/v1/operations/d2FsZS00OTE4MDMvdXMtY2VudHJhbDEvZ2V0UG9zdHNDc3YvQ1ZUNFFrblJkQ2s 200
[debug] [2026-04-05T17:21:56.187Z] <<< [apiv2][body] GET https://cloudfunctions.googleapis.com/v1/operations/d2FsZS00OTE4MDMvdXMtY2VudHJhbDEvZ2V0UG9zdHNDc3YvQ1ZUNFFrblJkQ2s {"name":"operations/d2FsZS00OTE4MDMvdXMtY2VudHJhbDEvZ2V0UG9zdHNDc3YvQ1ZUNFFrblJkQ2s","metadata":{"@type":"type.googleapis.com/google.cloud.functions.v1.OperationMetadataV1","target":"projects/wale-491803/locations/us-central1/functions/getPostsCsv","type":"UPDATE_FUNCTION","request":{"@type":"type.googleapis.com/google.cloud.functions.v1.CloudFunction","name":"projects/wale-491803/locations/us-central1/functions/getPostsCsv","httpsTrigger":{"url":"https://us-central1-wale-491803.cloudfunctions.net/getPostsCsv","securityLevel":"SECURE_ALWAYS"},"status":"ACTIVE","entryPoint":"getPostsCsv","updateTime":"2026-04-05T17:17:21.176Z","versionId":"25","labels":{"deployment-tool":"cli-firebase","deployment-callable":"true","firebase-functions-hash":"df1b892f3f284fd13fbca6099541bda1e7c5ca97"},"sourceUploadUrl":"https://storage.googleapis.com/uploads-730803098609.us-central1.cloudfunctions.appspot.com/f8b1e261-8bf6-4715-9b4d-aa5f469fca77.zip?GoogleAccessId=service-916707769747@gcf-admin-robot.iam.gserviceaccount.com&Expires=1775411513&Signature=ie3RI9oscT4uJJ%2BKhhZgYYI5GwtCTuIk4XulbXMfhx39ou23Mtwa21lqvGX0gwhKtYou5BowU8o4CBIE4kCFwzm5d6Y0IbSD1NyU5w0kuEmfLs%2BfAxDMyQFTva12UN%2F8WV1mmWuzFq%2BiyNK2L9xsrZ2cEUDpEH0aBSLcTwfGma5822XmSZ84OynHv7T5lAHWeFSZ%2BcAVjcuX5y8hHTFecGq8cekEnhUtc9WiAP4vF8FTfufIlAFK5p9GGgCIMNm5Y9PnD3VcDHR%2BIy97y0d1ePKHnhFaUVUM7A9wyINy7w6ssjphzGSaj2m2X9fXbZ0YrTOsg6BISMKrmCi734zU%2FA%3D%3D","environmentVariables":{"POSTMARK_SERVER_TOKEN":"31ffa522-b604-4ab2-8dc6-8142ff8d45bc","FIREBASE_CONFIG":"{\"projectId\":\"wale-491803\",\"databaseURL\":\"https://wale-491803-default-rtdb.firebaseio.com\",\"storageBucket\":\"wale-491803.firebasestorage.app\"}","GCLOUD_PROJECT":"wale-491803","EVENTARC_CLOUD_EVENT_SOURCE":"projects/wale-491803/locations/us-central1/functions/getPostsCsv"},"runtime":"nodejs22","buildId":"a52c2e3b-6e6f-4e74-94b9-79dde9b11b5e","buildEnvironmentVariables":{"GOOGLE_NODE_RUN_SCRIPTS":""},"buildName":"projects/916707769747/locations/us-central1/builds/a52c2e3b-6e6f-4e74-94b9-79dde9b11b5e","dockerRegistry":"ARTIFACT_REGISTRY","automaticUpdatePolicy":{},"buildServiceAccount":"projects/wale-491803/serviceAccounts/916707769747-compute@developer.gserviceaccount.com"},"versionId":"26","updateTime":"2026-04-05T17:21:54Z"}}
[debug] [2026-04-05T17:21:57.201Z] [update-default-us-central1-getPostsCsv] Retrying task index 0
[debug] [2026-04-05T17:21:57.202Z] Checked if tokens are valid: true, expires at: 1775412494727
[debug] [2026-04-05T17:21:57.202Z] Checked if tokens are valid: true, expires at: 1775412494727
[debug] [2026-04-05T17:21:57.203Z] >>> [apiv2][query] GET https://cloudfunctions.googleapis.com/v1/operations/d2FsZS00OTE4MDMvdXMtY2VudHJhbDEvZ2V0UG9zdHNDc3YvQ1ZUNFFrblJkQ2s [none]
[debug] [2026-04-05T17:21:57.375Z] <<< [apiv2][status] GET https://cloudfunctions.googleapis.com/v1/operations/d2FsZS00OTE4MDMvdXMtY2VudHJhbDEvZ2V0UG9zdHNDc3YvQ1ZUNFFrblJkQ2s 200
[debug] [2026-04-05T17:21:57.376Z] <<< [apiv2][body] GET https://cloudfunctions.googleapis.com/v1/operations/d2FsZS00OTE4MDMvdXMtY2VudHJhbDEvZ2V0UG9zdHNDc3YvQ1ZUNFFrblJkQ2s {"name":"operations/d2FsZS00OTE4MDMvdXMtY2VudHJhbDEvZ2V0UG9zdHNDc3YvQ1ZUNFFrblJkQ2s","metadata":{"@type":"type.googleapis.com/google.cloud.functions.v1.OperationMetadataV1","target":"projects/wale-491803/locations/us-central1/functions/getPostsCsv","type":"UPDATE_FUNCTION","request":{"@type":"type.googleapis.com/google.cloud.functions.v1.CloudFunction","name":"projects/wale-491803/locations/us-central1/functions/getPostsCsv","httpsTrigger":{"url":"https://us-central1-wale-491803.cloudfunctions.net/getPostsCsv","securityLevel":"SECURE_ALWAYS"},"status":"ACTIVE","entryPoint":"getPostsCsv","updateTime":"2026-04-05T17:17:21.176Z","versionId":"25","labels":{"deployment-tool":"cli-firebase","deployment-callable":"true","firebase-functions-hash":"df1b892f3f284fd13fbca6099541bda1e7c5ca97"},"sourceUploadUrl":"https://storage.googleapis.com/uploads-730803098609.us-central1.cloudfunctions.appspot.com/f8b1e261-8bf6-4715-9b4d-aa5f469fca77.zip?GoogleAccessId=service-916707769747@gcf-admin-robot.iam.gserviceaccount.com&Expires=1775411513&Signature=ie3RI9oscT4uJJ%2BKhhZgYYI5GwtCTuIk4XulbXMfhx39ou23Mtwa21lqvGX0gwhKtYou5BowU8o4CBIE4kCFwzm5d6Y0IbSD1NyU5w0kuEmfLs%2BfAxDMyQFTva12UN%2F8WV1mmWuzFq%2BiyNK2L9xsrZ2cEUDpEH0aBSLcTwfGma5822XmSZ84OynHv7T5lAHWeFSZ%2BcAVjcuX5y8hHTFecGq8cekEnhUtc9WiAP4vF8FTfufIlAFK5p9GGgCIMNm5Y9PnD3VcDHR%2BIy97y0d1ePKHnhFaUVUM7A9wyINy7w6ssjphzGSaj2m2X9fXbZ0YrTOsg6BISMKrmCi734zU%2FA%3D%3D","environmentVariables":{"POSTMARK_SERVER_TOKEN":"31ffa522-b604-4ab2-8dc6-8142ff8d45bc","FIREBASE_CONFIG":"{\"projectId\":\"wale-491803\",\"databaseURL\":\"https://wale-491803-default-rtdb.firebaseio.com\",\"storageBucket\":\"wale-491803.firebasestorage.app\"}","GCLOUD_PROJECT":"wale-491803","EVENTARC_CLOUD_EVENT_SOURCE":"projects/wale-491803/locations/us-central1/functions/getPostsCsv"},"runtime":"nodejs22","buildId":"a52c2e3b-6e6f-4e74-94b9-79dde9b11b5e","buildEnvironmentVariables":{"GOOGLE_NODE_RUN_SCRIPTS":""},"buildName":"projects/916707769747/locations/us-central1/builds/a52c2e3b-6e6f-4e74-94b9-79dde9b11b5e","dockerRegistry":"ARTIFACT_REGISTRY","automaticUpdatePolicy":{},"buildServiceAccount":"projects/wale-491803/serviceAccounts/916707769747-compute@developer.gserviceaccount.com"},"versionId":"26","updateTime":"2026-04-05T17:21:54Z","buildId":"7bd15929-97d3-4f1e-8a8c-79bfa9dc29a9","buildName":"projects/916707769747/locations/us-central1/builds/7bd15929-97d3-4f1e-8a8c-79bfa9dc29a9"}}
[debug] [2026-04-05T17:21:59.378Z] [update-default-us-central1-getPostsCsv] Retrying task index 0
[debug] [2026-04-05T17:21:59.379Z] Checked if tokens are valid: true, expires at: 1775412494727
[debug] [2026-04-05T17:21:59.379Z] Checked if tokens are valid: true, expires at: 1775412494727
[debug] [2026-04-05T17:21:59.379Z] >>> [apiv2][query] GET https://cloudfunctions.googleapis.com/v1/operations/d2FsZS00OTE4MDMvdXMtY2VudHJhbDEvZ2V0UG9zdHNDc3YvQ1ZUNFFrblJkQ2s [none]
[debug] [2026-04-05T17:21:59.561Z] <<< [apiv2][status] GET https://cloudfunctions.googleapis.com/v1/operations/d2FsZS00OTE4MDMvdXMtY2VudHJhbDEvZ2V0UG9zdHNDc3YvQ1ZUNFFrblJkQ2s 200
[debug] [2026-04-05T17:21:59.562Z] <<< [apiv2][body] GET https://cloudfunctions.googleapis.com/v1/operations/d2FsZS00OTE4MDMvdXMtY2VudHJhbDEvZ2V0UG9zdHNDc3YvQ1ZUNFFrblJkQ2s {"name":"operations/d2FsZS00OTE4MDMvdXMtY2VudHJhbDEvZ2V0UG9zdHNDc3YvQ1ZUNFFrblJkQ2s","metadata":{"@type":"type.googleapis.com/google.cloud.functions.v1.OperationMetadataV1","target":"projects/wale-491803/locations/us-central1/functions/getPostsCsv","type":"UPDATE_FUNCTION","request":{"@type":"type.googleapis.com/google.cloud.functions.v1.CloudFunction","name":"projects/wale-491803/locations/us-central1/functions/getPostsCsv","httpsTrigger":{"url":"https://us-central1-wale-491803.cloudfunctions.net/getPostsCsv","securityLevel":"SECURE_ALWAYS"},"status":"ACTIVE","entryPoint":"getPostsCsv","updateTime":"2026-04-05T17:17:21.176Z","versionId":"25","labels":{"deployment-tool":"cli-firebase","deployment-callable":"true","firebase-functions-hash":"df1b892f3f284fd13fbca6099541bda1e7c5ca97"},"sourceUploadUrl":"https://storage.googleapis.com/uploads-730803098609.us-central1.cloudfunctions.appspot.com/f8b1e261-8bf6-4715-9b4d-aa5f469fca77.zip?GoogleAccessId=service-916707769747@gcf-admin-robot.iam.gserviceaccount.com&Expires=1775411513&Signature=ie3RI9oscT4uJJ%2BKhhZgYYI5GwtCTuIk4XulbXMfhx39ou23Mtwa21lqvGX0gwhKtYou5BowU8o4CBIE4kCFwzm5d6Y0IbSD1NyU5w0kuEmfLs%2BfAxDMyQFTva12UN%2F8WV1mmWuzFq%2BiyNK2L9xsrZ2cEUDpEH0aBSLcTwfGma5822XmSZ84OynHv7T5lAHWeFSZ%2BcAVjcuX5y8hHTFecGq8cekEnhUtc9WiAP4vF8FTfufIlAFK5p9GGgCIMNm5Y9PnD3VcDHR%2BIy97y0d1ePKHnhFaUVUM7A9wyINy7w6ssjphzGSaj2m2X9fXbZ0YrTOsg6BISMKrmCi734zU%2FA%3D%3D","environmentVariables":{"POSTMARK_SERVER_TOKEN":"31ffa522-b604-4ab2-8dc6-8142ff8d45bc","FIREBASE_CONFIG":"{\"projectId\":\"wale-491803\",\"databaseURL\":\"https://wale-491803-default-rtdb.firebaseio.com\",\"storageBucket\":\"wale-491803.firebasestorage.app\"}","GCLOUD_PROJECT":"wale-491803","EVENTARC_CLOUD_EVENT_SOURCE":"projects/wale-491803/locations/us-central1/functions/getPostsCsv"},"runtime":"nodejs22","buildId":"a52c2e3b-6e6f-4e74-94b9-79dde9b11b5e","buildEnvironmentVariables":{"GOOGLE_NODE_RUN_SCRIPTS":""},"buildName":"projects/916707769747/locations/us-central1/builds/a52c2e3b-6e6f-4e74-94b9-79dde9b11b5e","dockerRegistry":"ARTIFACT_REGISTRY","automaticUpdatePolicy":{},"buildServiceAccount":"projects/wale-491803/serviceAccounts/916707769747-compute@developer.gserviceaccount.com"},"versionId":"26","updateTime":"2026-04-05T17:21:54Z","buildId":"7bd15929-97d3-4f1e-8a8c-79bfa9dc29a9","buildName":"projects/916707769747/locations/us-central1/builds/7bd15929-97d3-4f1e-8a8c-79bfa9dc29a9"}}
[debug] [2026-04-05T17:22:03.567Z] [update-default-us-central1-getPostsCsv] Retrying task index 0
[debug] [2026-04-05T17:22:03.568Z] Checked if tokens are valid: true, expires at: 1775412494727
[debug] [2026-04-05T17:22:03.568Z] Checked if tokens are valid: true, expires at: 1775412494727
[debug] [2026-04-05T17:22:03.568Z] >>> [apiv2][query] GET https://cloudfunctions.googleapis.com/v1/operations/d2FsZS00OTE4MDMvdXMtY2VudHJhbDEvZ2V0UG9zdHNDc3YvQ1ZUNFFrblJkQ2s [none]
[debug] [2026-04-05T17:22:03.732Z] <<< [apiv2][status] GET https://cloudfunctions.googleapis.com/v1/operations/d2FsZS00OTE4MDMvdXMtY2VudHJhbDEvZ2V0UG9zdHNDc3YvQ1ZUNFFrblJkQ2s 200
[debug] [2026-04-05T17:22:03.732Z] <<< [apiv2][body] GET https://cloudfunctions.googleapis.com/v1/operations/d2FsZS00OTE4MDMvdXMtY2VudHJhbDEvZ2V0UG9zdHNDc3YvQ1ZUNFFrblJkQ2s {"name":"operations/d2FsZS00OTE4MDMvdXMtY2VudHJhbDEvZ2V0UG9zdHNDc3YvQ1ZUNFFrblJkQ2s","metadata":{"@type":"type.googleapis.com/google.cloud.functions.v1.OperationMetadataV1","target":"projects/wale-491803/locations/us-central1/functions/getPostsCsv","type":"UPDATE_FUNCTION","request":{"@type":"type.googleapis.com/google.cloud.functions.v1.CloudFunction","name":"projects/wale-491803/locations/us-central1/functions/getPostsCsv","httpsTrigger":{"url":"https://us-central1-wale-491803.cloudfunctions.net/getPostsCsv","securityLevel":"SECURE_ALWAYS"},"status":"ACTIVE","entryPoint":"getPostsCsv","updateTime":"2026-04-05T17:17:21.176Z","versionId":"25","labels":{"deployment-tool":"cli-firebase","deployment-callable":"true","firebase-functions-hash":"df1b892f3f284fd13fbca6099541bda1e7c5ca97"},"sourceUploadUrl":"https://storage.googleapis.com/uploads-730803098609.us-central1.cloudfunctions.appspot.com/f8b1e261-8bf6-4715-9b4d-aa5f469fca77.zip?GoogleAccessId=service-916707769747@gcf-admin-robot.iam.gserviceaccount.com&Expires=1775411513&Signature=ie3RI9oscT4uJJ%2BKhhZgYYI5GwtCTuIk4XulbXMfhx39ou23Mtwa21lqvGX0gwhKtYou5BowU8o4CBIE4kCFwzm5d6Y0IbSD1NyU5w0kuEmfLs%2BfAxDMyQFTva12UN%2F8WV1mmWuzFq%2BiyNK2L9xsrZ2cEUDpEH0aBSLcTwfGma5822XmSZ84OynHv7T5lAHWeFSZ%2BcAVjcuX5y8hHTFecGq8cekEnhUtc9WiAP4vF8FTfufIlAFK5p9GGgCIMNm5Y9PnD3VcDHR%2BIy97y0d1ePKHnhFaUVUM7A9wyINy7w6ssjphzGSaj2m2X9fXbZ0YrTOsg6BISMKrmCi734zU%2FA%3D%3D","environmentVariables":{"POSTMARK_SERVER_TOKEN":"31ffa522-b604-4ab2-8dc6-8142ff8d45bc","FIREBASE_CONFIG":"{\"projectId\":\"wale-491803\",\"databaseURL\":\"https://wale-491803-default-rtdb.firebaseio.com\",\"storageBucket\":\"wale-491803.firebasestorage.app\"}","GCLOUD_PROJECT":"wale-491803","EVENTARC_CLOUD_EVENT_SOURCE":"projects/wale-491803/locations/us-central1/functions/getPostsCsv"},"runtime":"nodejs22","buildId":"a52c2e3b-6e6f-4e74-94b9-79dde9b11b5e","buildEnvironmentVariables":{"GOOGLE_NODE_RUN_SCRIPTS":""},"buildName":"projects/916707769747/locations/us-central1/builds/a52c2e3b-6e6f-4e74-94b9-79dde9b11b5e","dockerRegistry":"ARTIFACT_REGISTRY","automaticUpdatePolicy":{},"buildServiceAccount":"projects/wale-491803/serviceAccounts/916707769747-compute@developer.gserviceaccount.com"},"versionId":"26","updateTime":"2026-04-05T17:21:54Z","buildId":"7bd15929-97d3-4f1e-8a8c-79bfa9dc29a9","buildName":"projects/916707769747/locations/us-central1/builds/7bd15929-97d3-4f1e-8a8c-79bfa9dc29a9"}}
